// Jest Snapshot v1, https://goo.gl/fbAQLP

exports[`imageDifference diffing different images 1`] = `
Object {
  "percentage": 0.612372,
  "total": 40131.8,
}
`;

exports[`imageDifference diffing different images without an output image 1`] = `
Object {
  "percentage": 0.612372,
  "total": 40131.8,
}
`;

exports[`imageDifference diffing different sizes images 1`] = `
Object {
  "percentage": 0.745356,
  "total": 48846.9,
}
`;

exports[`imageDifference diffing images which cannot scale into each other 1`] = `
Object {
  "percentage": 0.352767,
  "total": 23118.6,
}
`;

exports[`imageDifference diffing images with shadow on 1`] = `
Object {
  "percentage": 0.745356,
  "total": 48846.9,
}
`;

exports[`imageDifference diffing the same image where 1 has a transparent background 1`] = `
Object {
  "percentage": 0.707107,
  "total": 46340.2,
}
`;
